// Jest Snapshot v1, https://goo.gl/fbAQLP

exports[`BASE_STYLE_HEADER should return the correct values 1`] = `
Array [
  "
  ",
  "
  margin: 2px 0;
  ",
  "
  color: ",
  [Function],
  ";
",
  " ",
  "
  ",
  [Function],
  ";
",
  ";
",
  ";
  ",
  "
  display: inline;
",
  ";
  ",
  "
  line-height: ",
  "1.25",
  ";
",
  ";
  ",
  "
  ",
  [Function],
  ";
",
  ";
",
]
`;
