// Jest Snapshot v1, https://goo.gl/fbAQLP

exports[`BASE_STYLE_LABEL should return the correct values 1`] = `
Array [
  "
  ",
  "
  color: ",
  [Function],
  ";
",
  ";
  ",
  "
  ",
  "font-weight: 600",
  ";
",
  ";
  ",
  "
  line-height: ",
  "1.25",
  ";
",
  ";
",
]
`;
