// Jest Snapshot v1, https://goo.gl/fbAQLP

exports[`HEADING_03 should return the correct values 1`] = `
Array [
  "
  ",
  "
  color: ",
  [Function],
  ";
",
  ";
  ",
  "
  font-size: ",
  "20px",
  ";
",
  ";
  ",
  "
  ",
  "font-weight: 400",
  ";
",
  ";
  ",
  "
  line-height: ",
  "1.25",
  ";
",
  ";
",
]
`;
