// Jest Snapshot v1, https://goo.gl/fbAQLP

exports[`<ThumbnailCircle /> renders ThumbnailCircle image correctly 1`] = `
<div
  className="lovFLS"
  size={40}
>
  <img
    alt="thumbnailCircle"
    className="leiZSW"
    src="https://placekitten.com/g/512/288"
  />
</div>
`;
