// Jest Snapshot v1, https://goo.gl/fbAQLP

exports[`<OverflowIcon /> renders OverflowIcon correctly 1`] = `
.c0 {
  display: -webkit-box;
  display: -webkit-flex;
  display: -ms-flexbox;
  display: flex;
  -webkit-align-items: center;
  -webkit-box-align: center;
  -ms-flex-align: center;
  align-items: center;
  -webkit-box-pack: center;
  -webkit-justify-content: center;
  -ms-flex-pack: center;
  justify-content: center;
}

@media only screen and (min-width:480px) {
  .c0 {
    display: none;
  }
}

<div
  className="c0"
>
  <svg
    height="15px"
    style={
      Object {
        "transform": "rotate(-90deg) ",
      }
    }
    viewBox="0 0 1024 1024"
    width="15px"
  >
    <path
      d="M82.33 635.904c-16.333-7.168-30.618-16.845-42.906-28.928s-21.914-26.317-28.928-42.598c-7.014-16.333-10.496-33.792-10.496-52.378s3.482-36.147 10.547-52.634c7.014-16.486 16.64-30.771 28.928-42.854s26.573-21.658 42.906-28.672c16.333-7.014 33.741-10.547 52.378-10.547s36.045 3.482 52.378 10.547c16.333 7.014 30.618 16.589 42.906 28.672s21.914 26.368 28.928 42.906c6.963 16.435 10.445 33.997 10.445 52.582s-3.482 36.045-10.547 52.378c-7.014 16.333-16.64 30.515-28.928 42.598s-26.573 21.76-42.906 28.928c-16.333 7.168-33.741 10.803-52.378 10.803s-35.994-3.584-52.326-10.803zM459.622 635.904c-16.333-7.168-30.618-16.845-42.906-28.928s-21.914-26.317-28.928-42.598c-7.014-16.333-10.496-33.792-10.496-52.378s3.482-36.147 10.547-52.634c7.014-16.486 16.64-30.771 28.928-42.854s26.573-21.658 42.906-28.672c16.282-7.066 33.741-10.547 52.326-10.547s36.045 3.482 52.378 10.547c16.333 7.014 30.618 16.589 42.906 28.672s21.914 26.368 28.928 42.906c7.014 16.486 10.547 33.997 10.547 52.634s-3.482 36.045-10.547 52.378c-7.014 16.333-16.64 30.515-28.928 42.598s-26.573 21.76-42.906 28.928c-16.333 7.168-33.741 10.803-52.378 10.803s-36.045-3.635-52.378-10.854zM836.659 635.904c-16.486-7.168-30.771-16.845-42.906-28.928s-21.658-26.317-28.672-42.598c-7.014-16.333-10.547-33.741-10.547-52.378s3.482-36.147 10.547-52.634c7.014-16.486 16.589-30.771 28.672-42.906 12.083-12.083 26.368-21.658 42.906-28.672 16.486-7.014 33.997-10.547 52.634-10.547 18.586 0 36.045 3.482 52.378 10.547 16.333 7.014 30.515 16.589 42.598 28.672s21.76 26.368 28.928 42.906c7.219 16.486 10.803 34.048 10.803 52.634s-3.584 36.045-10.803 52.378c-7.168 16.333-16.845 30.515-28.928 42.598s-26.317 21.76-42.598 28.928c-16.333 7.168-33.741 10.803-52.378 10.803-18.586 0-36.147-3.584-52.634-10.803z"
      fill="#b4b9bd"
    />
  </svg>
</div>
`;
